
> sixnations-predictor@0.1.0 test
> vitest --run


[1m[30m[46m RUN [49m[39m[22m [36mv4.1.10 [39m[90mC:/Projects/sixnations-predictor[39m

[90mstderr[2m | src/app/predictions/page.test.tsx[2m > [22m[2mPredictionsPage[2m > [22m[2mredirects to login when auth API request throws
[22m[39mPredictions page load failed: {
  timestamp: [32m'2026-08-01T00:23:59.678Z'[39m,
  error: Error: Network error
      at C:/Projects/sixnations-predictor/src/app/predictions/page.test.tsx:255:7
      at [90mfile:///C:/Projects/sixnations-predictor/[39mnode_modules/[4m@vitest/runner[24m/dist/chunk-artifact.js:302:11
      at [90mfile:///C:/Projects/sixnations-predictor/[39mnode_modules/[4m@vitest/runner[24m/dist/chunk-artifact.js:1903:26
      at [90mfile:///C:/Projects/sixnations-predictor/[39mnode_modules/[4m@vitest/runner[24m/dist/chunk-artifact.js:2326:20
      at new Promise (<anonymous>)
      at runWithCancel [90m(file:///C:/Projects/sixnations-predictor/[39mnode_modules/[4m@vitest/runner[24m/dist/chunk-artifact.js:2323:10[90m)[39m
      at [90mfile:///C:/Projects/sixnations-predictor/[39mnode_modules/[4m@vitest/runner[24m/dist/chunk-artifact.js:2305:20
      at new Promise (<anonymous>)
      at runWithTimeout [90m(file:///C:/Projects/sixnations-predictor/[39mnode_modules/[4m@vitest/runner[24m/dist/chunk-artifact.js:2272:10[90m)[39m
      at [90mfile:///C:/Projects/sixnations-predictor/[39mnode_modules/[4m@vitest/runner[24m/dist/chunk-artifact.js:2955:64
}

[90mstderr[2m | src/app/predictions/page.test.tsx[2m > [22m[2mPredictionsPage[2m > [22m[2mredirects to login when matches API request fails
[22m[39mPredictions page load failed: {
  timestamp: [32m'2026-08-01T00:23:59.701Z'[39m,
  error: Error: Matches API unavailable
      at C:/Projects/sixnations-predictor/src/app/predictions/page.test.tsx:277:9
      at [90mfile:///C:/Projects/sixnations-predictor/[39mnode_modules/[4m@vitest/runner[24m/dist/chunk-artifact.js:302:11
      at [90mfile:///C:/Projects/sixnations-predictor/[39mnode_modules/[4m@vitest/runner[24m/dist/chunk-artifact.js:1903:26
      at [90mfile:///C:/Projects/sixnations-predictor/[39mnode_modules/[4m@vitest/runner[24m/dist/chunk-artifact.js:2326:20
      at new Promise (<anonymous>)
      at runWithCancel [90m(file:///C:/Projects/sixnations-predictor/[39mnode_modules/[4m@vitest/runner[24m/dist/chunk-artifact.js:2323:10[90m)[39m
      at [90mfile:///C:/Projects/sixnations-predictor/[39mnode_modules/[4m@vitest/runner[24m/dist/chunk-artifact.js:2305:20
      at new Promise (<anonymous>)
      at runWithTimeout [90m(file:///C:/Projects/sixnations-predictor/[39mnode_modules/[4m@vitest/runner[24m/dist/chunk-artifact.js:2272:10[90m)[39m
      at [90mfile:///C:/Projects/sixnations-predictor/[39mnode_modules/[4m@vitest/runner[24m/dist/chunk-artifact.js:2955:64
}

[90mstderr[2m | src/app/predictions/page.test.tsx[2m > [22m[2mPredictionsPage[2m > [22m[2mredirects to login when predictions API request fails during initial load
[22m[39mPredictions page load failed: {
  timestamp: [32m'2026-08-01T00:23:59.717Z'[39m,
  error: Error: Predictions API unavailable
      at C:/Projects/sixnations-predictor/src/app/predictions/page.test.tsx:305:9
      at [90mfile:///C:/Projects/sixnations-predictor/[39mnode_modules/[4m@vitest/runner[24m/dist/chunk-artifact.js:302:11
      at [90mfile:///C:/Projects/sixnations-predictor/[39mnode_modules/[4m@vitest/runner[24m/dist/chunk-artifact.js:1903:26
      at [90mfile:///C:/Projects/sixnations-predictor/[39mnode_modules/[4m@vitest/runner[24m/dist/chunk-artifact.js:2326:20
      at new Promise (<anonymous>)
      at runWithCancel [90m(file:///C:/Projects/sixnations-predictor/[39mnode_modules/[4m@vitest/runner[24m/dist/chunk-artifact.js:2323:10[90m)[39m
      at [90mfile:///C:/Projects/sixnations-predictor/[39mnode_modules/[4m@vitest/runner[24m/dist/chunk-artifact.js:2305:20
      at new Promise (<anonymous>)
      at runWithTimeout [90m(file:///C:/Projects/sixnations-predictor/[39mnode_modules/[4m@vitest/runner[24m/dist/chunk-artifact.js:2272:10[90m)[39m
      at [90mfile:///C:/Projects/sixnations-predictor/[39mnode_modules/[4m@vitest/runner[24m/dist/chunk-artifact.js:2955:64
}

[90mstderr[2m | src/app/dashboard/page.test.tsx[2m > [22m[2mDashboardPage[2m > [22m[2mredirects to login when auth API throws
[22m[39mDashboard load failed: {
  timestamp: [32m'2026-08-01T00:23:59.752Z'[39m,
  error: Error: Auth API unavailable
      at C:/Projects/sixnations-predictor/src/app/dashboard/page.test.tsx:333:7
      at [90mfile:///C:/Projects/sixnations-predictor/[39mnode_modules/[4m@vitest/runner[24m/dist/chunk-artifact.js:302:11
      at [90mfile:///C:/Projects/sixnations-predictor/[39mnode_modules/[4m@vitest/runner[24m/dist/chunk-artifact.js:1903:26
      at [90mfile:///C:/Projects/sixnations-predictor/[39mnode_modules/[4m@vitest/runner[24m/dist/chunk-artifact.js:2326:20
      at new Promise (<anonymous>)
      at runWithCancel [90m(file:///C:/Projects/sixnations-predictor/[39mnode_modules/[4m@vitest/runner[24m/dist/chunk-artifact.js:2323:10[90m)[39m
      at [90mfile:///C:/Projects/sixnations-predictor/[39mnode_modules/[4m@vitest/runner[24m/dist/chunk-artifact.js:2305:20
      at new Promise (<anonymous>)
      at runWithTimeout [90m(file:///C:/Projects/sixnations-predictor/[39mnode_modules/[4m@vitest/runner[24m/dist/chunk-artifact.js:2272:10[90m)[39m
      at [90mfile:///C:/Projects/sixnations-predictor/[39mnode_modules/[4m@vitest/runner[24m/dist/chunk-artifact.js:2955:64
}

[90mstderr[2m | src/app/dashboard/page.test.tsx[2m > [22m[2mDashboardPage[2m > [22m[2mredirects to login when leaderboard API throws
[22m[39mDashboard load failed: {
  timestamp: [32m'2026-08-01T00:23:59.797Z'[39m,
  error: Error: Leaderboard API unavailable
      at C:/Projects/sixnations-predictor/src/app/dashboard/page.test.tsx:355:9
      at [90mfile:///C:/Projects/sixnations-predictor/[39mnode_modules/[4m@vitest/runner[24m/dist/chunk-artifact.js:302:11
      at [90mfile:///C:/Projects/sixnations-predictor/[39mnode_modules/[4m@vitest/runner[24m/dist/chunk-artifact.js:1903:26
      at [90mfile:///C:/Projects/sixnations-predictor/[39mnode_modules/[4m@vitest/runner[24m/dist/chunk-artifact.js:2326:20
      at new Promise (<anonymous>)
      at runWithCancel [90m(file:///C:/Projects/sixnations-predictor/[39mnode_modules/[4m@vitest/runner[24m/dist/chunk-artifact.js:2323:10[90m)[39m
      at [90mfile:///C:/Projects/sixnations-predictor/[39mnode_modules/[4m@vitest/runner[24m/dist/chunk-artifact.js:2305:20
      at new Promise (<anonymous>)
      at runWithTimeout [90m(file:///C:/Projects/sixnations-predictor/[39mnode_modules/[4m@vitest/runner[24m/dist/chunk-artifact.js:2272:10[90m)[39m
      at [90mfile:///C:/Projects/sixnations-predictor/[39mnode_modules/[4m@vitest/runner[24m/dist/chunk-artifact.js:2955:64
}

[90mstderr[2m | src/app/dashboard/page.test.tsx[2m > [22m[2mDashboardPage[2m > [22m[2mredirects to login when matches API throws
[22m[39mDashboard load failed: {
  timestamp: [32m'2026-08-01T00:23:59.832Z'[39m,
  error: Error: Matches API unavailable
      at C:/Projects/sixnations-predictor/src/app/dashboard/page.test.tsx:387:9
      at [90mfile:///C:/Projects/sixnations-predictor/[39mnode_modules/[4m@vitest/runner[24m/dist/chunk-artifact.js:302:11
      at [90mfile:///C:/Projects/sixnations-predictor/[39mnode_modules/[4m@vitest/runner[24m/dist/chunk-artifact.js:1903:26
      at [90mfile:///C:/Projects/sixnations-predictor/[39mnode_modules/[4m@vitest/runner[24m/dist/chunk-artifact.js:2326:20
      at new Promise (<anonymous>)
      at runWithCancel [90m(file:///C:/Projects/sixnations-predictor/[39mnode_modules/[4m@vitest/runner[24m/dist/chunk-artifact.js:2323:10[90m)[39m
      at [90mfile:///C:/Projects/sixnations-predictor/[39mnode_modules/[4m@vitest/runner[24m/dist/chunk-artifact.js:2305:20
      at new Promise (<anonymous>)
      at runWithTimeout [90m(file:///C:/Projects/sixnations-predictor/[39mnode_modules/[4m@vitest/runner[24m/dist/chunk-artifact.js:2272:10[90m)[39m
      at [90mfile:///C:/Projects/sixnations-predictor/[39mnode_modules/[4m@vitest/runner[24m/dist/chunk-artifact.js:2955:64
}

[90mstderr[2m | src/app/admin/dashboard/page.test.tsx[2m > [22m[2mAdminDashboardPage[2m > [22m[2mshows failed load state when dashboard API throws
[22m[39mAdmin dashboard load failed: {
  timestamp: [32m'2026-08-01T00:23:59.835Z'[39m,
  error: Error: Admin dashboard API unavailable
      at C:/Projects/sixnations-predictor/src/app/admin/dashboard/page.test.tsx:255:7
      at [90mfile:///C:/Projects/sixnations-predictor/[39mnode_modules/[4m@vitest/runner[24m/dist/chunk-artifact.js:302:11
      at [90mfile:///C:/Projects/sixnations-predictor/[39mnode_modules/[4m@vitest/runner[24m/dist/chunk-artifact.js:1903:26
      at [90mfile:///C:/Projects/sixnations-predictor/[39mnode_modules/[4m@vitest/runner[24m/dist/chunk-artifact.js:2326:20
      at new Promise (<anonymous>)
      at runWithCancel [90m(file:///C:/Projects/sixnations-predictor/[39mnode_modules/[4m@vitest/runner[24m/dist/chunk-artifact.js:2323:10[90m)[39m
      at [90mfile:///C:/Projects/sixnations-predictor/[39mnode_modules/[4m@vitest/runner[24m/dist/chunk-artifact.js:2305:20
      at new Promise (<anonymous>)
      at runWithTimeout [90m(file:///C:/Projects/sixnations-predictor/[39mnode_modules/[4m@vitest/runner[24m/dist/chunk-artifact.js:2272:10[90m)[39m
      at [90mfile:///C:/Projects/sixnations-predictor/[39mnode_modules/[4m@vitest/runner[24m/dist/chunk-artifact.js:2955:64
}

[90mstderr[2m | src/app/dashboard/page.test.tsx[2m > [22m[2mDashboardPage[2m > [22m[2mredirects to login when predictions API throws
[22m[39mDashboard load failed: {
  timestamp: [32m'2026-08-01T00:23:59.859Z'[39m,
  error: Error: Predictions API unavailable
      at C:/Projects/sixnations-predictor/src/app/dashboard/page.test.tsx:421:9
      at [90mfile:///C:/Projects/sixnations-predictor/[39mnode_modules/[4m@vitest/runner[24m/dist/chunk-artifact.js:302:11
      at [90mfile:///C:/Projects/sixnations-predictor/[39mnode_modules/[4m@vitest/runner[24m/dist/chunk-artifact.js:1903:26
      at [90mfile:///C:/Projects/sixnations-predictor/[39mnode_modules/[4m@vitest/runner[24m/dist/chunk-artifact.js:2326:20
      at new Promise (<anonymous>)
      at runWithCancel [90m(file:///C:/Projects/sixnations-predictor/[39mnode_modules/[4m@vitest/runner[24m/dist/chunk-artifact.js:2323:10[90m)[39m
      at [90mfile:///C:/Projects/sixnations-predictor/[39mnode_modules/[4m@vitest/runner[24m/dist/chunk-artifact.js:2305:20
      at new Promise (<anonymous>)
      at runWithTimeout [90m(file:///C:/Projects/sixnations-predictor/[39mnode_modules/[4m@vitest/runner[24m/dist/chunk-artifact.js:2272:10[90m)[39m
      at [90mfile:///C:/Projects/sixnations-predictor/[39mnode_modules/[4m@vitest/runner[24m/dist/chunk-artifact.js:2955:64
}

[90mstderr[2m | src/app/admin/page.test.tsx[2m > [22m[2mAdminPage[2m > [22m[2mredirects to login when auth API throws
[22m[39mAdmin results page load failed: {
  timestamp: [32m'2026-08-01T00:23:59.945Z'[39m,
  error: Error: Auth API unavailable
      at C:/Projects/sixnations-predictor/src/app/admin/page.test.tsx:211:7
      at [90mfile:///C:/Projects/sixnations-predictor/[39mnode_modules/[4m@vitest/runner[24m/dist/chunk-artifact.js:302:11
      at [90mfile:///C:/Projects/sixnations-predictor/[39mnode_modules/[4m@vitest/runner[24m/dist/chunk-artifact.js:1903:26
      at [90mfile:///C:/Projects/sixnations-predictor/[39mnode_modules/[4m@vitest/runner[24m/dist/chunk-artifact.js:2326:20
      at new Promise (<anonymous>)
      at runWithCancel [90m(file:///C:/Projects/sixnations-predictor/[39mnode_modules/[4m@vitest/runner[24m/dist/chunk-artifact.js:2323:10[90m)[39m
      at [90mfile:///C:/Projects/sixnations-predictor/[39mnode_modules/[4m@vitest/runner[24m/dist/chunk-artifact.js:2305:20
      at new Promise (<anonymous>)
      at runWithTimeout [90m(file:///C:/Projects/sixnations-predictor/[39mnode_modules/[4m@vitest/runner[24m/dist/chunk-artifact.js:2272:10[90m)[39m
      at [90mfile:///C:/Projects/sixnations-predictor/[39mnode_modules/[4m@vitest/runner[24m/dist/chunk-artifact.js:2955:64
}

 [32m✓[39m src/app/admin/dashboard/page.test.tsx [2m([22m[2m18 tests[22m[2m)[22m[33m 1265[2mms[22m[39m
     [33m[2m✓[22m[39m fetches admin dashboard data on render [33m 307[2mms[22m[39m
[90mstderr[2m | src/app/page.test.tsx[2m > [22m[2mHomePage[2m > [22m[2mshows tournament complete state when matches API throws
[22m[39mFailed to load next match Error: Matches API unavailable
    at C:/Projects/sixnations-predictor/src/app/page.test.tsx:333:7
    at [90mfile:///C:/Projects/sixnations-predictor/[39mnode_modules/[4m@vitest/runner[24m/dist/chunk-artifact.js:302:11
    at [90mfile:///C:/Projects/sixnations-predictor/[39mnode_modules/[4m@vitest/runner[24m/dist/chunk-artifact.js:1903:26
    at [90mfile:///C:/Projects/sixnations-predictor/[39mnode_modules/[4m@vitest/runner[24m/dist/chunk-artifact.js:2326:20
    at new Promise (<anonymous>)
    at runWithCancel [90m(file:///C:/Projects/sixnations-predictor/[39mnode_modules/[4m@vitest/runner[24m/dist/chunk-artifact.js:2323:10[90m)[39m
    at [90mfile:///C:/Projects/sixnations-predictor/[39mnode_modules/[4m@vitest/runner[24m/dist/chunk-artifact.js:2305:20
    at new Promise (<anonymous>)
    at runWithTimeout [90m(file:///C:/Projects/sixnations-predictor/[39mnode_modules/[4m@vitest/runner[24m/dist/chunk-artifact.js:2272:10[90m)[39m
    at [90mfile:///C:/Projects/sixnations-predictor/[39mnode_modules/[4m@vitest/runner[24m/dist/chunk-artifact.js:2955:64

[90mstderr[2m | src/app/admin/audit/page.test.tsx[2m > [22m[2mAuditPage[2m > [22m[2mhandles audit API throwing by ending loading state
[22m[39mAudit history load failed: {
  timestamp: [32m'2026-08-01T00:24:00.942Z'[39m,
  error: Error: Audit API unavailable
      at C:/Projects/sixnations-predictor/src/app/admin/audit/page.test.tsx:599:7
      at [90mfile:///C:/Projects/sixnations-predictor/[39mnode_modules/[4m@vitest/runner[24m/dist/chunk-artifact.js:302:11
      at [90mfile:///C:/Projects/sixnations-predictor/[39mnode_modules/[4m@vitest/runner[24m/dist/chunk-artifact.js:1903:26
      at [90mfile:///C:/Projects/sixnations-predictor/[39mnode_modules/[4m@vitest/runner[24m/dist/chunk-artifact.js:2326:20
      at new Promise (<anonymous>)
      at runWithCancel [90m(file:///C:/Projects/sixnations-predictor/[39mnode_modules/[4m@vitest/runner[24m/dist/chunk-artifact.js:2323:10[90m)[39m
      at [90mfile:///C:/Projects/sixnations-predictor/[39mnode_modules/[4m@vitest/runner[24m/dist/chunk-artifact.js:2305:20
      at new Promise (<anonymous>)
      at runWithTimeout [90m(file:///C:/Projects/sixnations-predictor/[39mnode_modules/[4m@vitest/runner[24m/dist/chunk-artifact.js:2272:10[90m)[39m
      at [90mfile:///C:/Projects/sixnations-predictor/[39mnode_modules/[4m@vitest/runner[24m/dist/chunk-artifact.js:2955:64
}

 [32m✓[39m src/app/admin/audit/page.test.tsx [2m([22m[2m19 tests[22m[2m)[22m[33m 1459[2mms[22m[39m
     [33m[2m✓[22m[39m fetches audit history on render [33m 385[2mms[22m[39m
 [32m✓[39m src/app/dashboard/page.test.tsx [2m([22m[2m30 tests[22m[2m)[22m[33m 2099[2mms[22m[39m
     [33m[2m✓[22m[39m fetches all dashboard data on successful load [33m 401[2mms[22m[39m
 [32m✓[39m src/app/page.test.tsx [2m([22m[2m20 tests[22m[2m)[22m[33m 2502[2mms[22m[39m
     [33m[2m✓[22m[39m renders the landing page hero immediately [33m 588[2mms[22m[39m
 [32m✓[39m src/app/login/page.test.tsx [2m([22m[2m18 tests[22m[2m)[22m[33m 2689[2mms[22m[39m
     [33m[2m✓[22m[39m renders the login page [33m 436[2mms[22m[39m
     [33m[2m✓[22m[39m allows an email address to be entered [33m 421[2mms[22m[39m
[90mstderr[2m | src/app/leaderboard/page.test.tsx[2m > [22m[2mLeaderboardPage[2m > [22m[2mshows the API error when the request fails
[22m[39mUnable to load leaderboard: Error: Leaderboard service unavailable.
    at loadLeaderboard (C:/Projects/sixnations-predictor/src/app/leaderboard/page.tsx:153:17)

[90mstderr[2m | src/app/leaderboard/page.test.tsx[2m > [22m[2mLeaderboardPage[2m > [22m[2mshows a fallback error when the API returns invalid data
[22m[39mUnable to load leaderboard: Error: The leaderboard returned invalid data.
    at loadLeaderboard (C:/Projects/sixnations-predictor/src/app/leaderboard/page.tsx:160:17)
[90m    at runNextTicks (node:internal/process/task_queues:65:5)[39m
[90m    at processTimers (node:internal/timers:538:9)[39m

[90mstderr[2m | src/app/leaderboard/page.test.tsx[2m > [22m[2mLeaderboardPage[2m > [22m[2mshows a fallback error when fetch rejects
[22m[39mUnable to load leaderboard: Error: Network failure
    at C:/Projects/sixnations-predictor/src/app/leaderboard/page.test.tsx:823:7
    at [90mfile:///C:/Projects/sixnations-predictor/[39mnode_modules/[4m@vitest/runner[24m/dist/chunk-artifact.js:302:11
    at [90mfile:///C:/Projects/sixnations-predictor/[39mnode_modules/[4m@vitest/runner[24m/dist/chunk-artifact.js:1903:26
    at [90mfile:///C:/Projects/sixnations-predictor/[39mnode_modules/[4m@vitest/runner[24m/dist/chunk-artifact.js:2326:20
    at new Promise (<anonymous>)
    at runWithCancel [90m(file:///C:/Projects/sixnations-predictor/[39mnode_modules/[4m@vitest/runner[24m/dist/chunk-artifact.js:2323:10[90m)[39m
    at [90mfile:///C:/Projects/sixnations-predictor/[39mnode_modules/[4m@vitest/runner[24m/dist/chunk-artifact.js:2305:20
    at new Promise (<anonymous>)
    at runWithTimeout [90m(file:///C:/Projects/sixnations-predictor/[39mnode_modules/[4m@vitest/runner[24m/dist/chunk-artifact.js:2272:10[90m)[39m
    at [90mfile:///C:/Projects/sixnations-predictor/[39mnode_modules/[4m@vitest/runner[24m/dist/chunk-artifact.js:2955:64

 [32m✓[39m src/app/leaderboard/page.test.tsx [2m([22m[2m25 tests[22m[2m)[22m[33m 4259[2mms[22m[39m
     [33m[2m✓[22m[39m renders the loading state while the request is pending [33m 318[2mms[22m[39m
     [33m[2m✓[22m[39m sorts entries by points by default [33m 343[2mms[22m[39m
     [33m[2m✓[22m[39m sorts by player name using the dropdown [33m 370[2mms[22m[39m
     [33m[2m✓[22m[39m sorts by points when the Points heading button is clicked [33m 439[2mms[22m[39m
 [32m✓[39m src/app/admin/page.test.tsx [2m([22m[2m22 tests[22m[2m)[22m[33m 4505[2mms[22m[39m
     [33m[2m✓[22m[39m loads and renders admin results page [33m 402[2mms[22m[39m
     [33m[2m✓[22m[39m saves a result successfully [33m 439[2mms[22m[39m
     [33m[2m✓[22m[39m shows saving state while result save is processing [33m 479[2mms[22m[39m
     [33m[2m✓[22m[39m shows API error message when save result fails [33m 372[2mms[22m[39m
     [33m[2m✓[22m[39m shows fallback error message when save result fails without API error text [33m 378[2mms[22m[39m
     [33m[2m✓[22m[39m redirects to login when save result returns 401 [33m 363[2mms[22m[39m
     [33m[2m✓[22m[39m redirects to dashboard when save result returns 403 [33m 317[2mms[22m[39m
 [32m✓[39m src/app/forgot-password/page.test.tsx [2m([22m[2m13 tests[22m[2m)[22m[33m 4593[2mms[22m[39m
     [33m[2m✓[22m[39m renders the forgot password form [33m 396[2mms[22m[39m
     [33m[2m✓[22m[39m shows validation error for invalid email format [33m 362[2mms[22m[39m
     [33m[2m✓[22m[39m shows validation error when email is missing @ symbol [33m 397[2mms[22m[39m
     [33m[2m✓[22m[39m shows validation error when email has no domain extension [33m 321[2mms[22m[39m
     [33m[2m✓[22m[39m accepts valid email addresses [33m 459[2mms[22m[39m
     [33m[2m✓[22m[39m shows loading state while request is processing [33m 362[2mms[22m[39m
     [33m[2m✓[22m[39m shows success alert when reset link is sent [33m 378[2mms[22m[39m
     [33m[2m✓[22m[39m shows API error when request fails [33m 377[2mms[22m[39m
     [33m[2m✓[22m[39m shows fallback error when API returns no message [33m 348[2mms[22m[39m
     [33m[2m✓[22m[39m shows connection error when request throws [33m 378[2mms[22m[39m
     [33m[2m✓[22m[39m submits the correct payload [33m 364[2mms[22m[39m
[90mstderr[2m | src/app/register/page.test.tsx[2m > [22m[2mRegisterPage[2m > [22m[2mshows a connection error when the request fails
[22m[39mRegistration request failed: Error: Network error
    at C:/Projects/sixnations-predictor/src/app/register/page.test.tsx:696:7
    at [90mfile:///C:/Projects/sixnations-predictor/[39mnode_modules/[4m@vitest/runner[24m/dist/chunk-artifact.js:302:11
    at [90mfile:///C:/Projects/sixnations-predictor/[39mnode_modules/[4m@vitest/runner[24m/dist/chunk-artifact.js:1903:26
    at [90mfile:///C:/Projects/sixnations-predictor/[39mnode_modules/[4m@vitest/runner[24m/dist/chunk-artifact.js:2326:20
    at new Promise (<anonymous>)
    at runWithCancel [90m(file:///C:/Projects/sixnations-predictor/[39mnode_modules/[4m@vitest/runner[24m/dist/chunk-artifact.js:2323:10[90m)[39m
    at [90mfile:///C:/Projects/sixnations-predictor/[39mnode_modules/[4m@vitest/runner[24m/dist/chunk-artifact.js:2305:20
    at new Promise (<anonymous>)
    at runWithTimeout [90m(file:///C:/Projects/sixnations-predictor/[39mnode_modules/[4m@vitest/runner[24m/dist/chunk-artifact.js:2272:10[90m)[39m
    at [90mfile:///C:/Projects/sixnations-predictor/[39mnode_modules/[4m@vitest/runner[24m/dist/chunk-artifact.js:2955:64

 [32m✓[39m src/app/register/page.test.tsx [2m([22m[2m30 tests[22m[2m)[22m[33m 5018[2mms[22m[39m
     [33m[2m✓[22m[39m renders the register form [33m 495[2mms[22m[39m
     [33m[2m✓[22m[39m shows a warning when passwords do not match [33m 554[2mms[22m[39m
[90mstderr[2m | src/app/api/admin/dashboard/route.test.ts[2m > [22m[2mGET /api/admin/dashboard[2m > [22m[2mreturns 401 when authentication is required
[22m[39mError: Authentication required
    at C:/Projects/sixnations-predictor/src/app/api/admin/dashboard/route.test.ts:585:7
    at [90mfile:///C:/Projects/sixnations-predictor/[39mnode_modules/[4m@vitest/runner[24m/dist/chunk-artifact.js:302:11
    at [90mfile:///C:/Projects/sixnations-predictor/[39mnode_modules/[4m@vitest/runner[24m/dist/chunk-artifact.js:1903:26
    at [90mfile:///C:/Projects/sixnations-predictor/[39mnode_modules/[4m@vitest/runner[24m/dist/chunk-artifact.js:2326:20
    at new Promise (<anonymous>)
    at runWithCancel [90m(file:///C:/Projects/sixnations-predictor/[39mnode_modules/[4m@vitest/runner[24m/dist/chunk-artifact.js:2323:10[90m)[39m
    at [90mfile:///C:/Projects/sixnations-predictor/[39mnode_modules/[4m@vitest/runner[24m/dist/chunk-artifact.js:2305:20
    at new Promise (<anonymous>)
    at runWithTimeout [90m(file:///C:/Projects/sixnations-predictor/[39mnode_modules/[4m@vitest/runner[24m/dist/chunk-artifact.js:2272:10[90m)[39m
    at [90mfile:///C:/Projects/sixnations-predictor/[39mnode_modules/[4m@vitest/runner[24m/dist/chunk-artifact.js:2955:64

[90mstderr[2m | src/app/api/admin/dashboard/route.test.ts[2m > [22m[2mGET /api/admin/dashboard[2m > [22m[2mreturns 403 when admin access is required
[22m[39mError: Admin access required
    at C:/Projects/sixnations-predictor/src/app/api/admin/dashboard/route.test.ts:602:7
    at [90mfile:///C:/Projects/sixnations-predictor/[39mnode_modules/[4m@vitest/runner[24m/dist/chunk-artifact.js:302:11
    at [90mfile:///C:/Projects/sixnations-predictor/[39mnode_modules/[4m@vitest/runner[24m/dist/chunk-artifact.js:1903:26
    at [90mfile:///C:/Projects/sixnations-predictor/[39mnode_modules/[4m@vitest/runner[24m/dist/chunk-artifact.js:2326:20
    at new Promise (<anonymous>)
    at runWithCancel [90m(file:///C:/Projects/sixnations-predictor/[39mnode_modules/[4m@vitest/runner[24m/dist/chunk-artifact.js:2323:10[90m)[39m
    at [90mfile:///C:/Projects/sixnations-predictor/[39mnode_modules/[4m@vitest/runner[24m/dist/chunk-artifact.js:2305:20
    at new Promise (<anonymous>)
    at runWithTimeout [90m(file:///C:/Projects/sixnations-predictor/[39mnode_modules/[4m@vitest/runner[24m/dist/chunk-artifact.js:2272:10[90m)[39m
    at [90mfile:///C:/Projects/sixnations-predictor/[39mnode_modules/[4m@vitest/runner[24m/dist/chunk-artifact.js:2955:64

[90mstderr[2m | src/app/api/admin/dashboard/route.test.ts[2m > [22m[2mGET /api/admin/dashboard[2m > [22m[2mreturns 500 when dashboard query fails
[22m[39mError: Database unavailable
    at C:/Projects/sixnations-predictor/src/app/api/admin/dashboard/route.test.ts:623:7
    at [90mfile:///C:/Projects/sixnations-predictor/[39mnode_modules/[4m@vitest/runner[24m/dist/chunk-artifact.js:302:11
    at [90mfile:///C:/Projects/sixnations-predictor/[39mnode_modules/[4m@vitest/runner[24m/dist/chunk-artifact.js:1903:26
    at [90mfile:///C:/Projects/sixnations-predictor/[39mnode_modules/[4m@vitest/runner[24m/dist/chunk-artifact.js:2326:20
    at new Promise (<anonymous>)
    at runWithCancel [90m(file:///C:/Projects/sixnations-predictor/[39mnode_modules/[4m@vitest/runner[24m/dist/chunk-artifact.js:2323:10[90m)[39m
    at [90mfile:///C:/Projects/sixnations-predictor/[39mnode_modules/[4m@vitest/runner[24m/dist/chunk-artifact.js:2305:20
    at new Promise (<anonymous>)
    at runWithTimeout [90m(file:///C:/Projects/sixnations-predictor/[39mnode_modules/[4m@vitest/runner[24m/dist/chunk-artifact.js:2272:10[90m)[39m
    at [90mfile:///C:/Projects/sixnations-predictor/[39mnode_modules/[4m@vitest/runner[24m/dist/chunk-artifact.js:2955:64

[90mstderr[2m | src/app/api/admin/dashboard/route.test.ts[2m > [22m[2mGET /api/admin/dashboard[2m > [22m[2mreturns 500 when audit enrichment fails
[22m[39mError: Audit match lookup failed
    at C:/Projects/sixnations-predictor/src/app/api/admin/dashboard/route.test.ts:672:7
    at [90mfile:///C:/Projects/sixnations-predictor/[39mnode_modules/[4m@vitest/runner[24m/dist/chunk-artifact.js:302:11
    at [90mfile:///C:/Projects/sixnations-predictor/[39mnode_modules/[4m@vitest/runner[24m/dist/chunk-artifact.js:1903:26
    at [90mfile:///C:/Projects/sixnations-predictor/[39mnode_modules/[4m@vitest/runner[24m/dist/chunk-artifact.js:2326:20
    at new Promise (<anonymous>)
    at runWithCancel [90m(file:///C:/Projects/sixnations-predictor/[39mnode_modules/[4m@vitest/runner[24m/dist/chunk-artifact.js:2323:10[90m)[39m
    at [90mfile:///C:/Projects/sixnations-predictor/[39mnode_modules/[4m@vitest/runner[24m/dist/chunk-artifact.js:2305:20
    at new Promise (<anonymous>)
    at runWithTimeout [90m(file:///C:/Projects/sixnations-predictor/[39mnode_modules/[4m@vitest/runner[24m/dist/chunk-artifact.js:2272:10[90m)[39m
    at [90mfile:///C:/Projects/sixnations-predictor/[39mnode_modules/[4m@vitest/runner[24m/dist/chunk-artifact.js:2955:64

[90mstderr[2m | src/app/api/admin/dashboard/route.test.ts[2m > [22m[2mGET /api/admin/dashboard[2m > [22m[2mreturns 500 when winner enrichment fails
[22m[39mError: Winner user lookup failed
    at C:/Projects/sixnations-predictor/src/app/api/admin/dashboard/route.test.ts:725:7
    at [90mfile:///C:/Projects/sixnations-predictor/[39mnode_modules/[4m@vitest/runner[24m/dist/chunk-artifact.js:302:11
    at [90mfile:///C:/Projects/sixnations-predictor/[39mnode_modules/[4m@vitest/runner[24m/dist/chunk-artifact.js:1903:26
    at [90mfile:///C:/Projects/sixnations-predictor/[39mnode_modules/[4m@vitest/runner[24m/dist/chunk-artifact.js:2326:20
    at new Promise (<anonymous>)
    at runWithCancel [90m(file:///C:/Projects/sixnations-predictor/[39mnode_modules/[4m@vitest/runner[24m/dist/chunk-artifact.js:2323:10[90m)[39m
    at [90mfile:///C:/Projects/sixnations-predictor/[39mnode_modules/[4m@vitest/runner[24m/dist/chunk-artifact.js:2305:20
    at new Promise (<anonymous>)
    at runWithTimeout [90m(file:///C:/Projects/sixnations-predictor/[39mnode_modules/[4m@vitest/runner[24m/dist/chunk-artifact.js:2272:10[90m)[39m
    at [90mfile:///C:/Projects/sixnations-predictor/[39mnode_modules/[4m@vitest/runner[24m/dist/chunk-artifact.js:2955:64

 [32m✓[39m src/app/api/admin/dashboard/route.test.ts [2m([22m[2m16 tests[22m[2m)[22m[32m 64[2mms[22m[39m
[90mstderr[2m | src/app/verify-email/page.test.tsx[2m > [22m[2mVerifyEmailPage[2m > [22m[2mrenders the email verification page
[22m[39mAn update to VerifyEmailPageContent inside a test was not wrapped in act(...).

When testing, code that causes React state updates should be wrapped into act(...):

act(() => {
  /* fire events that update state */
});
/* assert on the output */

This ensures that you're testing the behavior the user would see in the browser. Learn more at https://react.dev/link/wrap-tests-with-act
An update to VerifyEmailPageContent inside a test was not wrapped in act(...).

When testing, code that causes React state updates should be wrapped into act(...):

act(() => {
  /* fire events that update state */
});
/* assert on the output */

This ensures that you're testing the behavior the user would see in the browser. Learn more at https://react.dev/link/wrap-tests-with-act
An update to VerifyEmailPageContent inside a test was not wrapped in act(...).

When testing, code that causes React state updates should be wrapped into act(...):

act(() => {
  /* fire events that update state */
});
/* assert on the output */

This ensures that you're testing the behavior the user would see in the browser. Learn more at https://react.dev/link/wrap-tests-with-act
An update to VerifyEmailPageContent inside a test was not wrapped in act(...).

When testing, code that causes React state updates should be wrapped into act(...):

act(() => {
  /* fire events that update state */
});
/* assert on the output */

This ensures that you're testing the behavior the user would see in the browser. Learn more at https://react.dev/link/wrap-tests-with-act

[90mstderr[2m | src/app/predictions/page.test.tsx[2m > [22m[2mPredictionsPage[2m > [22m[2mshows network error message when save API throws
[22m[39mPrediction save failed: {
  timestamp: [32m'2026-08-01T00:24:06.460Z'[39m,
  error: Error: Save API unavailable
      at C:/Projects/sixnations-predictor/src/app/predictions/page.test.tsx:1377:7
      at [90mfile:///C:/Projects/sixnations-predictor/[39mnode_modules/[4m@vitest/runner[24m/dist/chunk-artifact.js:302:11
      at [90mfile:///C:/Projects/sixnations-predictor/[39mnode_modules/[4m@vitest/runner[24m/dist/chunk-artifact.js:1903:26
      at [90mfile:///C:/Projects/sixnations-predictor/[39mnode_modules/[4m@vitest/runner[24m/dist/chunk-artifact.js:2326:20
      at new Promise (<anonymous>)
      at runWithCancel [90m(file:///C:/Projects/sixnations-predictor/[39mnode_modules/[4m@vitest/runner[24m/dist/chunk-artifact.js:2323:10[90m)[39m
      at [90mfile:///C:/Projects/sixnations-predictor/[39mnode_modules/[4m@vitest/runner[24m/dist/chunk-artifact.js:2305:20
      at new Promise (<anonymous>)
      at runWithTimeout [90m(file:///C:/Projects/sixnations-predictor/[39mnode_modules/[4m@vitest/runner[24m/dist/chunk-artifact.js:2272:10[90m)[39m
      at [90mfile:///C:/Projects/sixnations-predictor/[39mnode_modules/[4m@vitest/runner[24m/dist/chunk-artifact.js:2955:64
}

[90mstderr[2m | src/app/api/admin/audit/route.test.ts[2m > [22m[2mGET /api/admin/audit[2m > [22m[2mreturns 401 when authentication is required
[22m[39mError: Authentication required
    at C:/Projects/sixnations-predictor/src/app/api/admin/audit/route.test.ts:294:7
    at [90mfile:///C:/Projects/sixnations-predictor/[39mnode_modules/[4m@vitest/runner[24m/dist/chunk-artifact.js:302:11
    at [90mfile:///C:/Projects/sixnations-predictor/[39mnode_modules/[4m@vitest/runner[24m/dist/chunk-artifact.js:1903:26
    at [90mfile:///C:/Projects/sixnations-predictor/[39mnode_modules/[4m@vitest/runner[24m/dist/chunk-artifact.js:2326:20
    at new Promise (<anonymous>)
    at runWithCancel [90m(file:///C:/Projects/sixnations-predictor/[39mnode_modules/[4m@vitest/runner[24m/dist/chunk-artifact.js:2323:10[90m)[39m
    at [90mfile:///C:/Projects/sixnations-predictor/[39mnode_modules/[4m@vitest/runner[24m/dist/chunk-artifact.js:2305:20
    at new Promise (<anonymous>)
    at runWithTimeout [90m(file:///C:/Projects/sixnations-predictor/[39mnode_modules/[4m@vitest/runner[24m/dist/chunk-artifact.js:2272:10[90m)[39m
    at [90mfile:///C:/Projects/sixnations-predictor/[39mnode_modules/[4m@vitest/runner[24m/dist/chunk-artifact.js:2955:64

[90mstderr[2m | src/app/api/admin/audit/route.test.ts[2m > [22m[2mGET /api/admin/audit[2m > [22m[2mreturns 403 when admin access is required
[22m[39mError: Admin access required
    at C:/Projects/sixnations-predictor/src/app/api/admin/audit/route.test.ts:311:7
    at [90mfile:///C:/Projects/sixnations-predictor/[39mnode_modules/[4m@vitest/runner[24m/dist/chunk-artifact.js:302:11
    at [90mfile:///C:/Projects/sixnations-predictor/[39mnode_modules/[4m@vitest/runner[24m/dist/chunk-artifact.js:1903:26
    at [90mfile:///C:/Projects/sixnations-predictor/[39mnode_modules/[4m@vitest/runner[24m/dist/chunk-artifact.js:2326:20
    at new Promise (<anonymous>)
    at runWithCancel [90m(file:///C:/Projects/sixnations-predictor/[39mnode_modules/[4m@vitest/runner[24m/dist/chunk-artifact.js:2323:10[90m)[39m
    at [90mfile:///C:/Projects/sixnations-predictor/[39mnode_modules/[4m@vitest/runner[24m/dist/chunk-artifact.js:2305:20
    at new Promise (<anonymous>)
    at runWithTimeout [90m(file:///C:/Projects/sixnations-predictor/[39mnode_modules/[4m@vitest/runner[24m/dist/chunk-artifact.js:2272:10[90m)[39m
    at [90mfile:///C:/Projects/sixnations-predictor/[39mnode_modules/[4m@vitest/runner[24m/dist/chunk-artifact.js:2955:64

[90mstderr[2m | src/app/api/admin/audit/route.test.ts[2m > [22m[2mGET /api/admin/audit[2m > [22m[2mreturns 500 when audit count fails
[22m[39mError: Audit count failed
    at C:/Projects/sixnations-predictor/src/app/api/admin/audit/route.test.ts:330:7
    at [90mfile:///C:/Projects/sixnations-predictor/[39mnode_modules/[4m@vitest/runner[24m/dist/chunk-artifact.js:302:11
    at [90mfile:///C:/Projects/sixnations-predictor/[39mnode_modules/[4m@vitest/runner[24m/dist/chunk-artifact.js:1903:26
    at [90mfile:///C:/Projects/sixnations-predictor/[39mnode_modules/[4m@vitest/runner[24m/dist/chunk-artifact.js:2326:20
    at new Promise (<anonymous>)
    at runWithCancel [90m(file:///C:/Projects/sixnations-predictor/[39mnode_modules/[4m@vitest/runner[24m/dist/chunk-artifact.js:2323:10[90m)[39m
    at [90mfile:///C:/Projects/sixnations-predictor/[39mnode_modules/[4m@vitest/runner[24m/dist/chunk-artifact.js:2305:20
    at new Promise (<anonymous>)
    at runWithTimeout [90m(file:///C:/Projects/sixnations-predictor/[39mnode_modules/[4m@vitest/runner[24m/dist/chunk-artifact.js:2272:10[90m)[39m
    at [90mfile:///C:/Projects/sixnations-predictor/[39mnode_modules/[4m@vitest/runner[24m/dist/chunk-artifact.js:2955:64

[90mstderr[2m | src/app/api/admin/audit/route.test.ts[2m > [22m[2mGET /api/admin/audit[2m > [22m[2mreturns 500 when audit enrichment fails
[22m[39mError: Match lookup failed
    at C:/Projects/sixnations-predictor/src/app/api/admin/audit/route.test.ts:355:7
    at [90mfile:///C:/Projects/sixnations-predictor/[39mnode_modules/[4m@vitest/runner[24m/dist/chunk-artifact.js:302:11
    at [90mfile:///C:/Projects/sixnations-predictor/[39mnode_modules/[4m@vitest/runner[24m/dist/chunk-artifact.js:1903:26
    at [90mfile:///C:/Projects/sixnations-predictor/[39mnode_modules/[4m@vitest/runner[24m/dist/chunk-artifact.js:2326:20
    at new Promise (<anonymous>)
    at runWithCancel [90m(file:///C:/Projects/sixnations-predictor/[39mnode_modules/[4m@vitest/runner[24m/dist/chunk-artifact.js:2323:10[90m)[39m
    at [90mfile:///C:/Projects/sixnations-predictor/[39mnode_modules/[4m@vitest/runner[24m/dist/chunk-artifact.js:2305:20
    at new Promise (<anonymous>)
    at runWithTimeout [90m(file:///C:/Projects/sixnations-predictor/[39mnode_modules/[4m@vitest/runner[24m/dist/chunk-artifact.js:2272:10[90m)[39m
    at [90mfile:///C:/Projects/sixnations-predictor/[39mnode_modules/[4m@vitest/runner[24m/dist/chunk-artifact.js:2955:64

 [32m✓[39m src/app/api/admin/audit/route.test.ts [2m([22m[2m11 tests[22m[2m)[22m[32m 62[2mms[22m[39m
[90mstderr[2m | src/app/predictions/page.test.tsx[2m > [22m[2mPredictionsPage[2m > [22m[2mhandles refresh predictions API failure after successful save attempt
[22m[39mPrediction save failed: {
  timestamp: [32m'2026-08-01T00:24:06.891Z'[39m,
  error: Error: Refresh predictions failed
      at C:/Projects/sixnations-predictor/src/app/predictions/page.test.tsx:1422:9
      at [90mfile:///C:/Projects/sixnations-predictor/[39mnode_modules/[4m@vitest/runner[24m/dist/chunk-artifact.js:302:11
      at [90mfile:///C:/Projects/sixnations-predictor/[39mnode_modules/[4m@vitest/runner[24m/dist/chunk-artifact.js:1903:26
      at [90mfile:///C:/Projects/sixnations-predictor/[39mnode_modules/[4m@vitest/runner[24m/dist/chunk-artifact.js:2326:20
      at new Promise (<anonymous>)
      at runWithCancel [90m(file:///C:/Projects/sixnations-predictor/[39mnode_modules/[4m@vitest/runner[24m/dist/chunk-artifact.js:2323:10[90m)[39m
      at [90mfile:///C:/Projects/sixnations-predictor/[39mnode_modules/[4m@vitest/runner[24m/dist/chunk-artifact.js:2305:20
      at new Promise (<anonymous>)
      at runWithTimeout [90m(file:///C:/Projects/sixnations-predictor/[39mnode_modules/[4m@vitest/runner[24m/dist/chunk-artifact.js:2272:10[90m)[39m
      at [90mfile:///C:/Projects/sixnations-predictor/[39mnode_modules/[4m@vitest/runner[24m/dist/chunk-artifact.js:2955:64
}

[90mstderr[2m | src/app/api/admin/results/route.test.ts[2m > [22m[2mPOST /api/admin/results[2m > [22m[2mreturns 401 when authentication is required
[22m[39mError: Authentication required
    at C:/Projects/sixnations-predictor/src/app/api/admin/results/route.test.ts:396:7
    at [90mfile:///C:/Projects/sixnations-predictor/[39mnode_modules/[4m@vitest/runner[24m/dist/chunk-artifact.js:302:11
    at [90mfile:///C:/Projects/sixnations-predictor/[39mnode_modules/[4m@vitest/runner[24m/dist/chunk-artifact.js:1903:26
    at [90mfile:///C:/Projects/sixnations-predictor/[39mnode_modules/[4m@vitest/runner[24m/dist/chunk-artifact.js:2326:20
    at new Promise (<anonymous>)
    at runWithCancel [90m(file:///C:/Projects/sixnations-predictor/[39mnode_modules/[4m@vitest/runner[24m/dist/chunk-artifact.js:2323:10[90m)[39m
    at [90mfile:///C:/Projects/sixnations-predictor/[39mnode_modules/[4m@vitest/runner[24m/dist/chunk-artifact.js:2305:20
    at new Promise (<anonymous>)
    at runWithTimeout [90m(file:///C:/Projects/sixnations-predictor/[39mnode_modules/[4m@vitest/runner[24m/dist/chunk-artifact.js:2272:10[90m)[39m
    at [90mfile:///C:/Projects/sixnations-predictor/[39mnode_modules/[4m@vitest/runner[24m/dist/chunk-artifact.js:2955:64

[90mstderr[2m | src/app/api/admin/results/route.test.ts[2m > [22m[2mPOST /api/admin/results[2m > [22m[2mreturns 403 when admin access is required
[22m[39mError: Admin access required
    at C:/Projects/sixnations-predictor/src/app/api/admin/results/route.test.ts:419:7
    at [90mfile:///C:/Projects/sixnations-predictor/[39mnode_modules/[4m@vitest/runner[24m/dist/chunk-artifact.js:302:11
    at [90mfile:///C:/Projects/sixnations-predictor/[39mnode_modules/[4m@vitest/runner[24m/dist/chunk-artifact.js:1903:26
    at [90mfile:///C:/Projects/sixnations-predictor/[39mnode_modules/[4m@vitest/runner[24m/dist/chunk-artifact.js:2326:20
    at new Promise (<anonymous>)
    at runWithCancel [90m(file:///C:/Projects/sixnations-predictor/[39mnode_modules/[4m@vitest/runner[24m/dist/chunk-artifact.js:2323:10[90m)[39m
    at [90mfile:///C:/Projects/sixnations-predictor/[39mnode_modules/[4m@vitest/runner[24m/dist/chunk-artifact.js:2305:20
    at new Promise (<anonymous>)
    at runWithTimeout [90m(file:///C:/Projects/sixnations-predictor/[39mnode_modules/[4m@vitest/runner[24m/dist/chunk-artifact.js:2272:10[90m)[39m
    at [90mfile:///C:/Projects/sixnations-predictor/[39mnode_modules/[4m@vitest/runner[24m/dist/chunk-artifact.js:2955:64

[90mstderr[2m | src/app/api/admin/results/route.test.ts[2m > [22m[2mPOST /api/admin/results[2m > [22m[2mreturns 500 when score audit creation fails
[22m[39mError: Audit create failed
    at C:/Projects/sixnations-predictor/src/app/api/admin/results/route.test.ts:657:7
    at [90mfile:///C:/Projects/sixnations-predictor/[39mnode_modules/[4m@vitest/runner[24m/dist/chunk-artifact.js:302:11
    at [90mfile:///C:/Projects/sixnations-predictor/[39mnode_modules/[4m@vitest/runner[24m/dist/chunk-artifact.js:1903:26
    at [90mfile:///C:/Projects/sixnations-predictor/[39mnode_modules/[4m@vitest/runner[24m/dist/chunk-artifact.js:2326:20
    at new Promise (<anonymous>)
    at runWithCancel [90m(file:///C:/Projects/sixnations-predictor/[39mnode_modules/[4m@vitest/runner[24m/dist/chunk-artifact.js:2323:10[90m)[39m
    at [90mfile:///C:/Projects/sixnations-predictor/[39mnode_modules/[4m@vitest/runner[24m/dist/chunk-artifact.js:2305:20
    at new Promise (<anonymous>)
    at runWithTimeout [90m(file:///C:/Projects/sixnations-predictor/[39mnode_modules/[4m@vitest/runner[24m/dist/chunk-artifact.js:2272:10[90m)[39m
    at [90mfile:///C:/Projects/sixnations-predictor/[39mnode_modules/[4m@vitest/runner[24m/dist/chunk-artifact.js:2955:64

[90mstderr[2m | src/app/api/admin/results/route.test.ts[2m > [22m[2mPOST /api/admin/results[2m > [22m[2mreturns 500 when request JSON parsing fails
[22m[39mSyntaxError: Expected property name or '}' in JSON at position 1 (line 1 column 2)
    at JSON.parse (<anonymous>)
[90m    at parseJSONFromBytes (node:internal/deps/undici/undici:4387:19)[39m
[90m    at successSteps (node:internal/deps/undici/undici:7041:27)[39m
[90m    at readAllBytes (node:internal/deps/undici/undici:5958:13)[39m
[90m    at processTicksAndRejections (node:internal/process/task_queues:104:5)[39m

 [32m✓[39m src/app/api/admin/results/route.test.ts [2m([22m[2m13 tests[22m[2m)[22m[32m 85[2mms[22m[39m
 [32m✓[39m src/app/verify-email/page.test.tsx [2m([22m[2m13 tests[22m[2m)[22m[33m 1004[2mms[22m[39m
     [33m[2m✓[22m[39m renders the email verification page [33m 368[2mms[22m[39m
 [32m✓[39m src/app/predictions/page.test.tsx [2m([22m[2m36 tests[22m[2m)[22m[33m 7754[2mms[22m[39m
     [33m[2m✓[22m[39m renders predictions page with fixture, progress, and Irish formatted kick-off date [33m 391[2mms[22m[39m
     [33m[2m✓[22m[39m hides countdown and disables inputs when completed fixture is selected [33m 315[2mms[22m[39m
     [33m[2m✓[22m[39m clears score inputs when switching from editing prediction to unpredicted fixture [33m 380[2mms[22m[39m
     [33m[2m✓[22m[39m updates an existing prediction successfully [33m 631[2mms[22m[39m
     [33m[2m✓[22m[39m allows user interaction by selecting a fixture, entering scores, and saving [33m 513[2mms[22m[39m
     [33m[2m✓[22m[39m allows zero-zero score prediction [33m 356[2mms[22m[39m
     [33m[2m✓[22m[39m shows saving state while save request is processing [33m 459[2mms[22m[39m
     [33m[2m✓[22m[39m saves a new prediction successfully [33m 392[2mms[22m[39m
     [33m[2m✓[22m[39m refreshes prediction data after saving a prediction [33m 443[2mms[22m[39m
     [33m[2m✓[22m[39m shows API error message when saving prediction fails with non-403 response [33m 349[2mms[22m[39m
     [33m[2m✓[22m[39m shows fallback API error message when save fails without error text [33m 379[2mms[22m[39m
     [33m[2m✓[22m[39m shows network error message when save API throws [33m 394[2mms[22m[39m
     [33m[2m✓[22m[39m handles refresh predictions API failure after successful save attempt [33m 432[2mms[22m[39m
     [33m[2m✓[22m[39m shows locked fixture error when API returns 403 [33m 360[2mms[22m[39m
 [32m✓[39m src/app/api/leaderboard/route.test.ts [2m([22m[2m12 tests[22m[2m)[22m[32m 50[2mms[22m[39m
[90mstderr[2m | src/app/api/predictions/route.test.ts[2m > [22m[2mPOST /api/predictions[2m > [22m[2mreturns 401 when user is not authenticated
[22m[39mError: Authentication required
    at C:/Projects/sixnations-predictor/src/app/api/predictions/route.test.ts:174:7
    at [90mfile:///C:/Projects/sixnations-predictor/[39mnode_modules/[4m@vitest/runner[24m/dist/chunk-artifact.js:302:11
    at [90mfile:///C:/Projects/sixnations-predictor/[39mnode_modules/[4m@vitest/runner[24m/dist/chunk-artifact.js:1903:26
    at [90mfile:///C:/Projects/sixnations-predictor/[39mnode_modules/[4m@vitest/runner[24m/dist/chunk-artifact.js:2326:20
    at new Promise (<anonymous>)
    at runWithCancel [90m(file:///C:/Projects/sixnations-predictor/[39mnode_modules/[4m@vitest/runner[24m/dist/chunk-artifact.js:2323:10[90m)[39m
    at [90mfile:///C:/Projects/sixnations-predictor/[39mnode_modules/[4m@vitest/runner[24m/dist/chunk-artifact.js:2305:20
    at new Promise (<anonymous>)
    at runWithTimeout [90m(file:///C:/Projects/sixnations-predictor/[39mnode_modules/[4m@vitest/runner[24m/dist/chunk-artifact.js:2272:10[90m)[39m
    at [90mfile:///C:/Projects/sixnations-predictor/[39mnode_modules/[4m@vitest/runner[24m/dist/chunk-artifact.js:2955:64

[90mstderr[2m | src/app/api/predictions/route.test.ts[2m > [22m[2mPOST /api/predictions[2m > [22m[2mreturns 500 when prediction upsert fails
[22m[39mError: Database unavailable
    at C:/Projects/sixnations-predictor/src/app/api/predictions/route.test.ts:240:7
    at [90mfile:///C:/Projects/sixnations-predictor/[39mnode_modules/[4m@vitest/runner[24m/dist/chunk-artifact.js:302:11
    at [90mfile:///C:/Projects/sixnations-predictor/[39mnode_modules/[4m@vitest/runner[24m/dist/chunk-artifact.js:1903:26
    at [90mfile:///C:/Projects/sixnations-predictor/[39mnode_modules/[4m@vitest/runner[24m/dist/chunk-artifact.js:2326:20
    at new Promise (<anonymous>)
    at runWithCancel [90m(file:///C:/Projects/sixnations-predictor/[39mnode_modules/[4m@vitest/runner[24m/dist/chunk-artifact.js:2323:10[90m)[39m
    at [90mfile:///C:/Projects/sixnations-predictor/[39mnode_modules/[4m@vitest/runner[24m/dist/chunk-artifact.js:2305:20
    at new Promise (<anonymous>)
    at runWithTimeout [90m(file:///C:/Projects/sixnations-predictor/[39mnode_modules/[4m@vitest/runner[24m/dist/chunk-artifact.js:2272:10[90m)[39m
    at [90mfile:///C:/Projects/sixnations-predictor/[39mnode_modules/[4m@vitest/runner[24m/dist/chunk-artifact.js:2955:64

[90mstderr[2m | src/app/api/predictions/route.test.ts[2m > [22m[2mPOST /api/predictions[2m > [22m[2mreturns 500 when request JSON parsing fails
[22m[39mSyntaxError: Expected property name or '}' in JSON at position 1 (line 1 column 2)
    at JSON.parse (<anonymous>)
[90m    at parseJSONFromBytes (node:internal/deps/undici/undici:4387:19)[39m
[90m    at successSteps (node:internal/deps/undici/undici:7041:27)[39m
[90m    at readAllBytes (node:internal/deps/undici/undici:5958:13)[39m
[90m    at processTicksAndRejections (node:internal/process/task_queues:104:5)[39m

 [32m✓[39m src/app/api/predictions/route.test.ts [2m([22m[2m7 tests[22m[2m)[22m[32m 50[2mms[22m[39m
[90mstderr[2m | src/app/api/auth/login/route.test.ts[2m > [22m[2mPOST /api/auth/login[2m > [22m[2mreturns 500 when database lookup throws
[22m[39mLogin failed: Error: Database unavailable
    at C:/Projects/sixnations-predictor/src/app/api/auth/login/route.test.ts:226:7
    at [90mfile:///C:/Projects/sixnations-predictor/[39mnode_modules/[4m@vitest/runner[24m/dist/chunk-artifact.js:302:11
    at [90mfile:///C:/Projects/sixnations-predictor/[39mnode_modules/[4m@vitest/runner[24m/dist/chunk-artifact.js:1903:26
    at [90mfile:///C:/Projects/sixnations-predictor/[39mnode_modules/[4m@vitest/runner[24m/dist/chunk-artifact.js:2326:20
    at new Promise (<anonymous>)
    at runWithCancel [90m(file:///C:/Projects/sixnations-predictor/[39mnode_modules/[4m@vitest/runner[24m/dist/chunk-artifact.js:2323:10[90m)[39m
    at [90mfile:///C:/Projects/sixnations-predictor/[39mnode_modules/[4m@vitest/runner[24m/dist/chunk-artifact.js:2305:20
    at new Promise (<anonymous>)
    at runWithTimeout [90m(file:///C:/Projects/sixnations-predictor/[39mnode_modules/[4m@vitest/runner[24m/dist/chunk-artifact.js:2272:10[90m)[39m
    at [90mfile:///C:/Projects/sixnations-predictor/[39mnode_modules/[4m@vitest/runner[24m/dist/chunk-artifact.js:2955:64

[90mstderr[2m | src/app/api/auth/login/route.test.ts[2m > [22m[2mPOST /api/auth/login[2m > [22m[2mreturns 500 when createSession throws
[22m[39mLogin failed: Error: Session creation failed
    at C:/Projects/sixnations-predictor/src/app/api/auth/login/route.test.ts:254:7
    at [90mfile:///C:/Projects/sixnations-predictor/[39mnode_modules/[4m@vitest/runner[24m/dist/chunk-artifact.js:302:11
    at [90mfile:///C:/Projects/sixnations-predictor/[39mnode_modules/[4m@vitest/runner[24m/dist/chunk-artifact.js:1903:26
    at [90mfile:///C:/Projects/sixnations-predictor/[39mnode_modules/[4m@vitest/runner[24m/dist/chunk-artifact.js:2326:20
    at new Promise (<anonymous>)
    at runWithCancel [90m(file:///C:/Projects/sixnations-predictor/[39mnode_modules/[4m@vitest/runner[24m/dist/chunk-artifact.js:2323:10[90m)[39m
    at [90mfile:///C:/Projects/sixnations-predictor/[39mnode_modules/[4m@vitest/runner[24m/dist/chunk-artifact.js:2305:20
    at new Promise (<anonymous>)
    at runWithTimeout [90m(file:///C:/Projects/sixnations-predictor/[39mnode_modules/[4m@vitest/runner[24m/dist/chunk-artifact.js:2272:10[90m)[39m
    at [90mfile:///C:/Projects/sixnations-predictor/[39mnode_modules/[4m@vitest/runner[24m/dist/chunk-artifact.js:2955:64

 [32m✓[39m src/app/api/auth/login/route.test.ts [2m([22m[2m7 tests[22m[2m)[22m[32m 32[2mms[22m[39m
[90mstderr[2m | src/app/api/admin/matches/route.test.ts[2m > [22m[2mGET /api/admin/matches[2m > [22m[2mreturns 401 when authentication is required
[22m[39mError: Authentication required
    at C:/Projects/sixnations-predictor/src/app/api/admin/matches/route.test.ts:86:7
    at [90mfile:///C:/Projects/sixnations-predictor/[39mnode_modules/[4m@vitest/runner[24m/dist/chunk-artifact.js:302:11
    at [90mfile:///C:/Projects/sixnations-predictor/[39mnode_modules/[4m@vitest/runner[24m/dist/chunk-artifact.js:1903:26
    at [90mfile:///C:/Projects/sixnations-predictor/[39mnode_modules/[4m@vitest/runner[24m/dist/chunk-artifact.js:2326:20
    at new Promise (<anonymous>)
    at runWithCancel [90m(file:///C:/Projects/sixnations-predictor/[39mnode_modules/[4m@vitest/runner[24m/dist/chunk-artifact.js:2323:10[90m)[39m
    at [90mfile:///C:/Projects/sixnations-predictor/[39mnode_modules/[4m@vitest/runner[24m/dist/chunk-artifact.js:2305:20
    at new Promise (<anonymous>)
    at runWithTimeout [90m(file:///C:/Projects/sixnations-predictor/[39mnode_modules/[4m@vitest/runner[24m/dist/chunk-artifact.js:2272:10[90m)[39m
    at [90mfile:///C:/Projects/sixnations-predictor/[39mnode_modules/[4m@vitest/runner[24m/dist/chunk-artifact.js:2955:64

[90mstderr[2m | src/app/api/admin/matches/route.test.ts[2m > [22m[2mGET /api/admin/matches[2m > [22m[2mreturns 403 when admin access is required
[22m[39mError: Admin access required
    at C:/Projects/sixnations-predictor/src/app/api/admin/matches/route.test.ts:103:7
    at [90mfile:///C:/Projects/sixnations-predictor/[39mnode_modules/[4m@vitest/runner[24m/dist/chunk-artifact.js:302:11
    at [90mfile:///C:/Projects/sixnations-predictor/[39mnode_modules/[4m@vitest/runner[24m/dist/chunk-artifact.js:1903:26
    at [90mfile:///C:/Projects/sixnations-predictor/[39mnode_modules/[4m@vitest/runner[24m/dist/chunk-artifact.js:2326:20
    at new Promise (<anonymous>)
    at runWithCancel [90m(file:///C:/Projects/sixnations-predictor/[39mnode_modules/[4m@vitest/runner[24m/dist/chunk-artifact.js:2323:10[90m)[39m
    at [90mfile:///C:/Projects/sixnations-predictor/[39mnode_modules/[4m@vitest/runner[24m/dist/chunk-artifact.js:2305:20
    at new Promise (<anonymous>)
    at runWithTimeout [90m(file:///C:/Projects/sixnations-predictor/[39mnode_modules/[4m@vitest/runner[24m/dist/chunk-artifact.js:2272:10[90m)[39m
    at [90mfile:///C:/Projects/sixnations-predictor/[39mnode_modules/[4m@vitest/runner[24m/dist/chunk-artifact.js:2955:64

[90mstderr[2m | src/app/api/admin/matches/route.test.ts[2m > [22m[2mGET /api/admin/matches[2m > [22m[2mreturns 500 when database query fails
[22m[39mError: Database unavailable
    at C:/Projects/sixnations-predictor/src/app/api/admin/matches/route.test.ts:122:7
    at [90mfile:///C:/Projects/sixnations-predictor/[39mnode_modules/[4m@vitest/runner[24m/dist/chunk-artifact.js:302:11
    at [90mfile:///C:/Projects/sixnations-predictor/[39mnode_modules/[4m@vitest/runner[24m/dist/chunk-artifact.js:1903:26
    at [90mfile:///C:/Projects/sixnations-predictor/[39mnode_modules/[4m@vitest/runner[24m/dist/chunk-artifact.js:2326:20
    at new Promise (<anonymous>)
    at runWithCancel [90m(file:///C:/Projects/sixnations-predictor/[39mnode_modules/[4m@vitest/runner[24m/dist/chunk-artifact.js:2323:10[90m)[39m
    at [90mfile:///C:/Projects/sixnations-predictor/[39mnode_modules/[4m@vitest/runner[24m/dist/chunk-artifact.js:2305:20
    at new Promise (<anonymous>)
    at runWithTimeout [90m(file:///C:/Projects/sixnations-predictor/[39mnode_modules/[4m@vitest/runner[24m/dist/chunk-artifact.js:2272:10[90m)[39m
    at [90mfile:///C:/Projects/sixnations-predictor/[39mnode_modules/[4m@vitest/runner[24m/dist/chunk-artifact.js:2955:64

 [32m✓[39m src/app/api/admin/matches/route.test.ts [2m([22m[2m4 tests[22m[2m)[22m[32m 33[2mms[22m[39m
[90mstderr[2m | src/app/api/predictions/list/route.test.ts[2m > [22m[2mGET /api/predictions/list[2m > [22m[2mreturns 401 when user is not authenticated
[22m[39mError: Authentication required
    at C:/Projects/sixnations-predictor/src/app/api/predictions/list/route.test.ts:109:7
    at [90mfile:///C:/Projects/sixnations-predictor/[39mnode_modules/[4m@vitest/runner[24m/dist/chunk-artifact.js:302:11
    at [90mfile:///C:/Projects/sixnations-predictor/[39mnode_modules/[4m@vitest/runner[24m/dist/chunk-artifact.js:1903:26
    at [90mfile:///C:/Projects/sixnations-predictor/[39mnode_modules/[4m@vitest/runner[24m/dist/chunk-artifact.js:2326:20
    at new Promise (<anonymous>)
    at runWithCancel [90m(file:///C:/Projects/sixnations-predictor/[39mnode_modules/[4m@vitest/runner[24m/dist/chunk-artifact.js:2323:10[90m)[39m
    at [90mfile:///C:/Projects/sixnations-predictor/[39mnode_modules/[4m@vitest/runner[24m/dist/chunk-artifact.js:2305:20
    at new Promise (<anonymous>)
    at runWithTimeout [90m(file:///C:/Projects/sixnations-predictor/[39mnode_modules/[4m@vitest/runner[24m/dist/chunk-artifact.js:2272:10[90m)[39m
    at [90mfile:///C:/Projects/sixnations-predictor/[39mnode_modules/[4m@vitest/runner[24m/dist/chunk-artifact.js:2955:64

[90mstderr[2m | src/app/api/predictions/list/route.test.ts[2m > [22m[2mGET /api/predictions/list[2m > [22m[2mreturns 500 when database query fails
[22m[39mError: Database unavailable
    at C:/Projects/sixnations-predictor/src/app/api/predictions/list/route.test.ts:128:7
    at [90mfile:///C:/Projects/sixnations-predictor/[39mnode_modules/[4m@vitest/runner[24m/dist/chunk-artifact.js:302:11
    at [90mfile:///C:/Projects/sixnations-predictor/[39mnode_modules/[4m@vitest/runner[24m/dist/chunk-artifact.js:1903:26
    at [90mfile:///C:/Projects/sixnations-predictor/[39mnode_modules/[4m@vitest/runner[24m/dist/chunk-artifact.js:2326:20
    at new Promise (<anonymous>)
    at runWithCancel [90m(file:///C:/Projects/sixnations-predictor/[39mnode_modules/[4m@vitest/runner[24m/dist/chunk-artifact.js:2323:10[90m)[39m
    at [90mfile:///C:/Projects/sixnations-predictor/[39mnode_modules/[4m@vitest/runner[24m/dist/chunk-artifact.js:2305:20
    at new Promise (<anonymous>)
    at runWithTimeout [90m(file:///C:/Projects/sixnations-predictor/[39mnode_modules/[4m@vitest/runner[24m/dist/chunk-artifact.js:2272:10[90m)[39m
    at [90mfile:///C:/Projects/sixnations-predictor/[39mnode_modules/[4m@vitest/runner[24m/dist/chunk-artifact.js:2955:64

 [32m✓[39m src/app/api/predictions/list/route.test.ts [2m([22m[2m4 tests[22m[2m)[22m[32m 19[2mms[22m[39m
[90mstderr[2m | src/app/api/auth/me/route.test.ts[2m > [22m[2mGET /api/auth/me[2m > [22m[2mreturns 500 when getCurrentUser throws
[22m[39mFailed to retrieve current user: Error: Session lookup failed
    at C:/Projects/sixnations-predictor/src/app/api/auth/me/route.test.ts:76:7
    at [90mfile:///C:/Projects/sixnations-predictor/[39mnode_modules/[4m@vitest/runner[24m/dist/chunk-artifact.js:302:11
    at [90mfile:///C:/Projects/sixnations-predictor/[39mnode_modules/[4m@vitest/runner[24m/dist/chunk-artifact.js:1903:26
    at [90mfile:///C:/Projects/sixnations-predictor/[39mnode_modules/[4m@vitest/runner[24m/dist/chunk-artifact.js:2326:20
    at new Promise (<anonymous>)
    at runWithCancel [90m(file:///C:/Projects/sixnations-predictor/[39mnode_modules/[4m@vitest/runner[24m/dist/chunk-artifact.js:2323:10[90m)[39m
    at [90mfile:///C:/Projects/sixnations-predictor/[39mnode_modules/[4m@vitest/runner[24m/dist/chunk-artifact.js:2305:20
    at new Promise (<anonymous>)
    at runWithTimeout [90m(file:///C:/Projects/sixnations-predictor/[39mnode_modules/[4m@vitest/runner[24m/dist/chunk-artifact.js:2272:10[90m)[39m
    at [90mfile:///C:/Projects/sixnations-predictor/[39mnode_modules/[4m@vitest/runner[24m/dist/chunk-artifact.js:2955:64

 [32m✓[39m src/app/api/auth/me/route.test.ts [2m([22m[2m3 tests[22m[2m)[22m[32m 12[2mms[22m[39m
 [32m✓[39m src/app/api/matches/route.test.ts [2m([22m[2m3 tests[22m[2m)[22m[32m 10[2mms[22m[39m
 [32m✓[39m src/app/reset-password/page.test.tsx [2m([22m[2m23 tests[22m[2m)[22m[33m 11245[2mms[22m[39m
     [33m[2m✓[22m[39m renders the reset password form [33m 460[2mms[22m[39m
     [33m[2m✓[22m[39m shows a validation error when the password is missing [33m 565[2mms[22m[39m
     [33m[2m✓[22m[39m rejects a password too short [33m 531[2mms[22m[39m
     [33m[2m✓[22m[39m rejects a password without an uppercase letter [33m 691[2mms[22m[39m
     [33m[2m✓[22m[39m rejects a password without a lowercase letter [33m 675[2mms[22m[39m
     [33m[2m✓[22m[39m rejects a password without a number [33m 517[2mms[22m[39m
     [33m[2m✓[22m[39m rejects a password without a special character [33m 585[2mms[22m[39m
     [33m[2m✓[22m[39m shows a validation error when confirm password is missing [33m 352[2mms[22m[39m
     [33m[2m✓[22m[39m shows a warning while the passwords do not match [33m 564[2mms[22m[39m
     [33m[2m✓[22m[39m shows a validation error on submit when passwords do not match [33m 666[2mms[22m[39m
     [33m[2m✓[22m[39m shows the password criteria and strength meter [33m 320[2mms[22m[39m
     [33m[2m✓[22m[39m shows a loading state while the reset request is processing [33m 709[2mms[22m[39m
     [33m[2m✓[22m[39m submits a valid reset-password request successfully [33m 651[2mms[22m[39m
     [33m[2m✓[22m[39m shows the API error when the reset request fails [33m 600[2mms[22m[39m
     [33m[2m✓[22m[39m shows the token error returned by the API [33m 567[2mms[22m[39m
     [33m[2m✓[22m[39m shows the token error returned by the API [33m 543[2mms[22m[39m
     [33m[2m✓[22m[39m shows the token error returned by the API [33m 547[2mms[22m[39m
     [33m[2m✓[22m[39m shows a fallback error when the API returns no error message [33m 560[2mms[22m[39m
     [33m[2m✓[22m[39m shows a connection error when the request throws [33m 576[2mms[22m[39m

[2m Test Files [22m [1m[32m22 passed[39m[22m[90m (22)[39m
[2m      Tests [22m [1m[32m347 passed[39m[22m[90m (347)[39m
[2m   Start at [22m 01:23:54
[2m   Duration [22m 16.22s[2m (transform 2.74s, setup 16.56s, import 9.39s, tests 48.81s, environment 66.64s)[22m

